#
# There is insufficient memory for the Java Runtime Environment to continue.
# Native memory allocation (malloc) failed to allocate 2308336 bytes for Chunk::new
# Possible reasons:
#   The system is out of physical RAM or swap space
#   The process is running with CompressedOops enabled, and the Java Heap may be blocking the growth of the native heap
# Possible solutions:
#   Reduce memory load on the system
#   Increase physical memory or swap space
#   Check if swap backing store is full
#   Decrease Java heap size (-Xmx/-Xms)
#   Decrease number of Java threads
#   Decrease Java thread stack sizes (-Xss)
#   Set larger code cache with -XX:ReservedCodeCacheSize=
#   JVM is running with Unscaled Compressed Oops mode in which the Java heap is
#     placed in the first 4GB address space. The Java Heap base address is the
#     maximum limit for the native heap growth. Please use -XX:HeapBaseMinAddress
#     to set the Java Heap base and to place the Java Heap above 4GB virtual address.
# This output file may be truncated or incomplete.
#
#  Out of Memory Error (c:/workspace/9-2-build-windows-amd64-cygwin-phase2/jdk9/6725/hotspot/src/share/vm/memory/allocation.cpp:372), pid=13108, tid=14648
#
# JRE version: Java(TM) SE Runtime Environment (9.0+181) (build 9+181)
# Java VM: Java HotSpot(TM) 64-Bit Server VM (9+181, mixed mode, tiered, compressed oops, g1 gc, windows-amd64)
# No core dump will be written. Minidumps are not enabled by default on client versions of Windows
#

---------------  S U M M A R Y ------------

Command Line: -ea -Didea.test.cyclic.buffer.size=1048576 -javaagent:E:\IDEA\IntelliJ IDEA 2018.3.5\lib\idea_rt.jar=63574:E:\IDEA\IntelliJ IDEA 2018.3.5\bin -Dfile.encoding=UTF-8 com.intellij.rt.execution.junit.JUnitStarter -ideVersion5 -junit4 com.zym.demo.dao.AreaDaoTest,queryArea

Host: Intel(R) Core(TM) i5-7300HQ CPU @ 2.50GHz, 4 cores, 7G,  Windows 10 , 64 bit Build 18362 (10.0.18362.86)
Time: Fri Jun 28 21:53:44 2019 ?D1¨²¡À¨º¡Á?¨º¡À?? elapsed time: 3 seconds (0d 0h 0m 3s)

---------------  T H R E A D  ---------------

Current thread (0x00000279d6d89800):  JavaThread "C2 CompilerThread0" daemon [_thread_in_native, id=14648, stack(0x000000cd1ed00000,0x000000cd1ee00000)]


Current CompileTask:
C2:   3725 2095   !   4       jdk.internal.loader.BuiltinClassLoader::loadClassOrNull (143 bytes)

Stack: [0x000000cd1ed00000,0x000000cd1ee00000]
Native frames: (J=compiled Java code, j=interpreted, Vv=VM code, C=native code)
V  [jvm.dll+0x587108]
V  [jvm.dll+0x69c14e]
V  [jvm.dll+0x69d06a]
V  [jvm.dll+0x69d6a3]
V  [jvm.dll+0x21d3f8]
V  [jvm.dll+0xa7bac]
V  [jvm.dll+0xa84ec]
V  [jvm.dll+0x3212ac]
V  [jvm.dll+0x2e7c6a]
V  [jvm.dll+0x2e71fa]
V  [jvm.dll+0x1e9c11]
V  [jvm.dll+0x1e8eb6]
V  [jvm.dll+0x16916b]
V  [jvm.dll+0x1f6680]
V  [jvm.dll+0x1f5306]
V  [jvm.dll+0x66b1af]
V  [jvm.dll+0x586530]
C  [msvcr120.dll+0x24f7f]
C  [msvcr120.dll+0x25126]
C  [KERNEL32.DLL+0x17bd4]
C  [ntdll.dll+0x6ce71]


---------------  P R O C E S S  ---------------

Java Threads: ( => current thread )
  0x00000279d8035800 JavaThread "background-preinit" [_thread_in_native, id=12452, stack(0x000000cd1f500000,0x000000cd1f600000)]
  0x00000279d7023000 JavaThread "Service Thread" daemon [_thread_blocked, id=7212, stack(0x000000cd1f300000,0x000000cd1f400000)]
  0x00000279d7022800 JavaThread "Monitor Ctrl-Break" daemon [_thread_in_native, id=6844, stack(0x000000cd1f200000,0x000000cd1f300000)]
  0x00000279d6e1c000 JavaThread "Common-Cleaner" daemon [_thread_blocked, id=10492, stack(0x000000cd1f100000,0x000000cd1f200000)]
  0x00000279d6db2000 JavaThread "Sweeper thread" daemon [_thread_blocked, id=7308, stack(0x000000cd1f000000,0x000000cd1f100000)]
  0x00000279d6d9a000 JavaThread "C1 CompilerThread2" daemon [_thread_blocked, id=14476, stack(0x000000cd1ef00000,0x000000cd1f000000)]
  0x00000279d6d91000 JavaThread "C2 CompilerThread1" daemon [_thread_in_native, id=14480, stack(0x000000cd1ee00000,0x000000cd1ef00000)]
=>0x00000279d6d89800 JavaThread "C2 CompilerThread0" daemon [_thread_in_native, id=14648, stack(0x000000cd1ed00000,0x000000cd1ee00000)]
  0x00000279d6d87800 JavaThread "Attach Listener" daemon [_thread_blocked, id=13216, stack(0x000000cd1ec00000,0x000000cd1ed00000)]
  0x00000279d6d85800 JavaThread "Signal Dispatcher" daemon [_thread_blocked, id=13864, stack(0x000000cd1eb00000,0x000000cd1ec00000)]
  0x00000279d6d27800 JavaThread "Finalizer" daemon [_thread_blocked, id=6444, stack(0x000000cd1ea00000,0x000000cd1eb00000)]
  0x00000279d6d16800 JavaThread "Reference Handler" daemon [_thread_blocked, id=3976, stack(0x000000cd1e900000,0x000000cd1ea00000)]
  0x00000279b3658000 JavaThread "main" [_thread_in_Java, id=8952, stack(0x000000cd1dc00000,0x000000cd1dd00000)]

Other Threads:
  0x00000279d641c800 VMThread "VM Thread" [stack: 0x000000cd1e800000,0x000000cd1e900000] [id=15600]
  0x00000279d7031800 WatcherThread [stack: 0x000000cd1f400000,0x000000cd1f500000] [id=11368]
  0x00000279b366d000 GCTaskThread "GC Thread#0" [stack: 0x000000cd1dd00000,0x000000cd1de00000] [id=2440]
  0x00000279b366e800 GCTaskThread "GC Thread#1" [stack: 0x000000cd1de00000,0x000000cd1df00000] [id=10320]
  0x00000279b3671000 GCTaskThread "GC Thread#2" [stack: 0x000000cd1df00000,0x000000cd1e000000] [id=8652]
  0x00000279b3678800 GCTaskThread "GC Thread#3" [stack: 0x000000cd1e000000,0x000000cd1e100000] [id=9796]
  0x00000279b36f6000 ConcurrentGCThread "G1 Main Marker" [stack: 0x000000cd1e600000,0x000000cd1e700000] [id=812]
  0x00000279b36f7000 ConcurrentGCThread "G1 Marker#0" [stack: 0x000000cd1e700000,0x000000cd1e800000] [id=10260]
  0x00000279b3684000 ConcurrentGCThread "G1 Refine#0" [stack: 0x000000cd1e400000,0x000000cd1e500000] [id=304]
  0x00000279b3682800 ConcurrentGCThread "G1 Refine#1" [stack: 0x000000cd1e300000,0x000000cd1e400000] [id=8868]
  0x00000279b367d800 ConcurrentGCThread "G1 Refine#2" [stack: 0x000000cd1e200000,0x000000cd1e300000] [id=8068]
  0x00000279b367a800 ConcurrentGCThread "G1 Refine#3" [stack: 0x000000cd1e100000,0x000000cd1e200000] [id=13440]
  0x00000279b368e000 ConcurrentGCThread "G1 Young RemSet Sampling" [stack: 0x000000cd1e500000,0x000000cd1e600000] [id=2956]

Threads with active compile tasks:
C2 CompilerThread12325       4       sun.reflect.annotation.AnnotationInvocationHandler::invoke (277 bytes)
C2 CompilerThread02095   !   4       jdk.internal.loader.BuiltinClassLoader::loadClassOrNull (143 bytes)

VM state:not at safepoint (normal execution)

VM Mutex/Monitor currently owned by a thread: None

Heap address: 0x0000000081c00000, size: 2020 MB, Compressed Oops mode: 32-bit
Narrow klass base: 0x0000000000000000, Narrow klass shift: 3
Compressed class space size: 1073741824 Address: 0x0000000100000000

Heap:
 garbage-first heap   total 131072K, used 75456K [0x0000000081c00000, 0x0000000081d00400, 0x0000000100000000)
  region size 1024K, 67 young (68608K), 3 survivors (3072K)
 Metaspace       used 26999K, capacity 27986K, committed 28288K, reserved 1075200K
  class space    used 3186K, capacity 3405K, committed 3456K, reserved 1048576K
Heap Regions: E=young(eden), S=young(survivor), O=old, HS=humongous(starts), HC=humongous(continues), CS=collection set, F=free, A=archive, TS=gc time stamp, AC=allocation context, TAMS=top-at-mark-start (previous, next)
|   0|0x0000000081c00000, 0x0000000081d00000, 0x0000000081d00000|100%| O|  |TS  0|AC  0|TAMS 0x0000000081d00000, 0x0000000081d00000|
|   1|0x0000000081d00000, 0x0000000081e00000, 0x0000000081e00000|100%| O|  |TS  0|AC  0|TAMS 0x0000000081e00000, 0x0000000081e00000|
|   2|0x0000000081e00000, 0x0000000081f00000, 0x0000000081f00000|100%| O|  |TS  0|AC  0|TAMS 0x0000000081f00000, 0x0000000081f00000|
|   3|0x0000000081f00000, 0x0000000081f00000, 0x0000000082000000|  0%| F|  |TS  0|AC  0|TAMS 0x0000000081f00000, 0x0000000081f00000|
|   4|0x0000000082000000, 0x0000000082100000, 0x0000000082100000|100%| O|  |TS  0|AC  0|TAMS 0x0000000082100000, 0x0000000082100000|
|   5|0x0000000082100000, 0x0000000082200000, 0x0000000082200000|100%| O|  |TS  0|AC  0|TAMS 0x0000000082200000, 0x0000000082200000|
|   6|0x0000000082200000, 0x0000000082300000, 0x0000000082300000|100%| O|  |TS  0|AC  0|TAMS 0x0000000082300000, 0x0000000082300000|
|   7|0x0000000082300000, 0x0000000082400000, 0x0000000082400000|100%| O|  |TS  0|AC  0|TAMS 0x0000000082400000, 0x0000000082400000|
|   8|0x0000000082400000, 0x00000000824e8000, 0x0000000082500000| 90%| O|  |TS  0|AC  0|TAMS 0x00000000824e8000, 0x00000000824e8000|
|   9|0x0000000082500000, 0x0000000082500000, 0x0000000082600000|  0%| F|  |TS  0|AC  0|TAMS 0x0000000082500000, 0x0000000082500000|
|  10|0x0000000082600000, 0x0000000082600000, 0x0000000082700000|  0%| F|  |TS  0|AC  0|TAMS 0x0000000082600000, 0x0000000082600000|
|  11|0x0000000082700000, 0x0000000082700000, 0x0000000082800000|  0%| F|  |TS  0|AC  0|TAMS 0x0000000082700000, 0x0000000082700000|
|  12|0x0000000082800000, 0x0000000082800000, 0x0000000082900000|  0%| F|  |TS  0|AC  0|TAMS 0x0000000082800000, 0x0000000082800000|
|  13|0x0000000082900000, 0x0000000082900000, 0x0000000082a00000|  0%| F|  |TS  0|AC  0|TAMS 0x0000000082900000, 0x0000000082900000|
|  14|0x0000000082a00000, 0x0000000082a00000, 0x0000000082b00000|  0%| F|  |TS  0|AC  0|TAMS 0x0000000082a00000, 0x0000000082a00000|
|  15|0x0000000082b00000, 0x0000000082b00000, 0x0000000082c00000|  0%| F|  |TS  0|AC  0|TAMS 0x0000000082b00000, 0x0000000082b00000|
|  16|0x0000000082c00000, 0x0000000082c00000, 0x0000000082d00000|  0%| F|  |TS  0|AC  0|TAMS 0x0000000082c00000, 0x0000000082c00000|
|  17|0x0000000082d00000, 0x0000000082d00000, 0x0000000082e00000|  0%| F|  |TS  0|AC  0|TAMS 0x0000000082d00000, 0x0000000082d00000|
|  18|0x0000000082e00000, 0x0000000082e00000, 0x0000000082f00000|  0%| F|  |TS  0|AC  0|TAMS 0x0000000082e00000, 0x0000000082e00000|
|  19|0x0000000082f00000, 0x0000000082f00000, 0x0000000083000000|  0%| F|  |TS  0|AC  0|TAMS 0x0000000082f00000, 0x0000000082f00000|
|  20|0x0000000083000000, 0x0000000083000000, 0x0000000083100000|  0%| F|  |TS  0|AC  0|TAMS 0x0000000083000000, 0x0000000083000000|
|  21|0x0000000083100000, 0x0000000083100000, 0x0000000083200000|  0%| F|  |TS  0|AC  0|TAMS 0x0000000083100000, 0x0000000083100000|
|  22|0x0000000083200000, 0x0000000083200000, 0x0000000083300000|  0%| F|  |TS  0|AC  0|TAMS 0x0000000083200000, 0x0000000083200000|
|  23|0x0000000083300000, 0x0000000083300000, 0x0000000083400000|  0%| F|  |TS  0|AC  0|TAMS 0x0000000083300000, 0x0000000083300000|
|  24|0x0000000083400000, 0x0000000083400000, 0x0000000083500000|  0%| F|  |TS  0|AC  0|TAMS 0x0000000083400000, 0x0000000083400000|
|  25|0x0000000083500000, 0x0000000083500000, 0x0000000083600000|  0%| F|  |TS  0|AC  0|TAMS 0x0000000083500000, 0x0000000083500000|
|  26|0x0000000083600000, 0x0000000083600000, 0x0000000083700000|  0%| F|  |TS  0|AC  0|TAMS 0x0000000083600000, 0x0000000083600000|
|  27|0x0000000083700000, 0x0000000083700000, 0x0000000083800000|  0%| F|  |TS  0|AC  0|TAMS 0x0000000083700000, 0x0000000083700000|
|  28|0x0000000083800000, 0x0000000083800000, 0x0000000083900000|  0%| F|  |TS  0|AC  0|TAMS 0x0000000083800000, 0x0000000083800000|
|  29|0x0000000083900000, 0x0000000083900000, 0x0000000083a00000|  0%| F|  |TS  0|AC  0|TAMS 0x0000000083900000, 0x0000000083900000|
|  30|0x0000000083a00000, 0x0000000083a00000, 0x0000000083b00000|  0%| F|  |TS  0|AC  0|TAMS 0x0000000083a00000, 0x0000000083a00000|
|  31|0x0000000083b00000, 0x0000000083b00000, 0x0000000083c00000|  0%| F|  |TS  0|AC  0|TAMS 0x0000000083b00000, 0x0000000083b00000|
|  32|0x0000000083c00000, 0x0000000083c00000, 0x0000000083d00000|  0%| F|  |TS  0|AC  0|TAMS 0x0000000083c00000, 0x0000000083c00000|
|  33|0x0000000083d00000, 0x0000000083d00000, 0x0000000083e00000|  0%| F|  |TS  0|AC  0|TAMS 0x0000000083d00000, 0x0000000083d00000|
|  34|0x0000000083e00000, 0x0000000083e00000, 0x0000000083f00000|  0%| F|  |TS  0|AC  0|TAMS 0x0000000083e00000, 0x0000000083e00000|
|  35|0x0000000083f00000, 0x0000000083f00000, 0x0000000084000000|  0%| F|  |TS  0|AC  0|TAMS 0x0000000083f00000, 0x0000000083f00000|
|  36|0x0000000084000000, 0x0000000084000000, 0x0000000084100000|  0%| F|  |TS  0|AC  0|TAMS 0x0000000084000000, 0x0000000084000000|
|  37|0x0000000084100000, 0x0000000084100000, 0x0000000084200000|  0%| F|  |TS  0|AC  0|TAMS 0x0000000084100000, 0x0000000084100000|
|  38|0x0000000084200000, 0x0000000084200000, 0x0000000084300000|  0%| F|  |TS  0|AC  0|TAMS 0x0000000084200000, 0x0000000084200000|
|  39|0x0000000084300000, 0x0000000084300000, 0x0000000084400000|  0%| F|  |TS  0|AC  0|TAMS 0x0000000084300000, 0x0000000084300000|
|  40|0x0000000084400000, 0x0000000084400000, 0x0000000084500000|  0%| F|  |TS  0|AC  0|TAMS 0x0000000084400000, 0x0000000084400000|
|  41|0x0000000084500000, 0x0000000084500000, 0x0000000084600000|  0%| F|  |TS  0|AC  0|TAMS 0x0000000084500000, 0x0000000084500000|
|  42|0x0000000084600000, 0x0000000084600000, 0x0000000084700000|  0%| F|  |TS  0|AC  0|TAMS 0x0000000084600000, 0x0000000084600000|
|  43|0x0000000084700000, 0x0000000084700000, 0x0000000084800000|  0%| F|  |TS  0|AC  0|TAMS 0x0000000084700000, 0x0000000084700000|
|  44|0x0000000084800000, 0x0000000084800000, 0x0000000084900000|  0%| F|  |TS  0|AC  0|TAMS 0x0000000084800000, 0x0000000084800000|
|  45|0x0000000084900000, 0x0000000084900000, 0x0000000084a00000|  0%| F|  |TS  0|AC  0|TAMS 0x0000000084900000, 0x0000000084900000|
|  46|0x0000000084a00000, 0x0000000084a00000, 0x0000000084b00000|  0%| F|  |TS  0|AC  0|TAMS 0x0000000084a00000, 0x0000000084a00000|
|  47|0x0000000084b00000, 0x0000000084b00000, 0x0000000084c00000|  0%| F|  |TS  0|AC  0|TAMS 0x0000000084b00000, 0x0000000084b00000|
|  48|0x0000000084c00000, 0x0000000084c00000, 0x0000000084d00000|  0%| F|  |TS  0|AC  0|TAMS 0x0000000084c00000, 0x0000000084c00000|
|  49|0x0000000084d00000, 0x0000000084d00000, 0x0000000084e00000|  0%| F|  |TS  0|AC  0|TAMS 0x0000000084d00000, 0x0000000084d00000|
|  50|0x0000000084e00000, 0x0000000084e00000, 0x0000000084f00000|  0%| F|  |TS  0|AC  0|TAMS 0x0000000084e00000, 0x0000000084e00000|
|  51|0x0000000084f00000, 0x0000000084f00000, 0x0000000085000000|  0%| F|  |TS  0|AC  0|TAMS 0x0000000084f00000, 0x0000000084f00000|
|  52|0x0000000085000000, 0x0000000085000000, 0x0000000085100000|  0%| F|  |TS  0|AC  0|TAMS 0x0000000085000000, 0x0000000085000000|
|  53|0x0000000085100000, 0x0000000085100000, 0x0000000085200000|  0%| F|  |TS  0|AC  0|TAMS 0x0000000085100000, 0x0000000085100000|
|  54|0x0000000085200000, 0x0000000085200000, 0x0000000085300000|  0%| F|  |TS  0|AC  0|TAMS 0x0000000085200000, 0x0000000085200000|
|  55|0x0000000085300000, 0x0000000085300000, 0x0000000085400000|  0%| F|  |TS  0|AC  0|TAMS 0x0000000085300000, 0x0000000085300000|
|  56|0x0000000085400000, 0x0000000085400000, 0x0000000085500000|  0%| F|  |TS  0|AC  0|TAMS 0x0000000085400000, 0x0000000085400000|
|  57|0x0000000085500000, 0x0000000085500000, 0x0000000085600000|  0%| F|  |TS  0|AC  0|TAMS 0x0000000085500000, 0x0000000085500000|
|  58|0x0000000085600000, 0x0000000085600000, 0x0000000085700000|  0%| F|  |TS  0|AC  0|TAMS 0x0000000085600000, 0x0000000085600000|
|  59|0x0000000085700000, 0x0000000085700000, 0x0000000085800000|  0%| F|  |TS  0|AC  0|TAMS 0x0000000085700000, 0x0000000085700000|
|  60|0x0000000085800000, 0x0000000085800000, 0x0000000085900000|  0%| F|  |TS  0|AC  0|TAMS 0x0000000085800000, 0x0000000085800000|
|  61|0x0000000085900000, 0x0000000085970148, 0x0000000085a00000| 43%| E|  |TS  0|AC  0|TAMS 0x0000000085900000, 0x0000000085900000|
|  62|0x0000000085a00000, 0x0000000085b00000, 0x0000000085b00000|100%| E|CS|TS  0|AC  0|TAMS 0x0000000085a00000, 0x0000000085a00000|
|  63|0x0000000085b00000, 0x0000000085c00000, 0x0000000085c00000|100%| E|CS|TS  0|AC  0|TAMS 0x0000000085b00000, 0x0000000085b00000|
|  64|0x0000000085c00000, 0x0000000085d00000, 0x0000000085d00000|100%| E|CS|TS  0|AC  0|TAMS 0x0000000085c00000, 0x0000000085c00000|
|  65|0x0000000085d00000, 0x0000000085e00000, 0x0000000085e00000|100%| E|CS|TS  0|AC  0|TAMS 0x0000000085d00000, 0x0000000085d00000|
|  66|0x0000000085e00000, 0x0000000085f00000, 0x0000000085f00000|100%| E|CS|TS  0|AC  0|TAMS 0x0000000085e00000, 0x0000000085e00000|
|  67|0x0000000085f00000, 0x0000000086000000, 0x0000000086000000|100%| E|CS|TS  0|AC  0|TAMS 0x0000000085f00000, 0x0000000085f00000|
|  68|0x0000000086000000, 0x0000000086100000, 0x0000000086100000|100%| E|CS|TS  0|AC  0|TAMS 0x0000000086000000, 0x0000000086000000|
|  69|0x0000000086100000, 0x0000000086200000, 0x0000000086200000|100%| E|CS|TS  0|AC  0|TAMS 0x0000000086100000, 0x0000000086100000|
|  70|0x0000000086200000, 0x0000000086300000, 0x0000000086300000|100%| E|CS|TS  0|AC  0|TAMS 0x0000000086200000, 0x0000000086200000|
|  71|0x0000000086300000, 0x0000000086400000, 0x0000000086400000|100%| E|CS|TS  0|AC  0|TAMS 0x0000000086300000, 0x0000000086300000|
|  72|0x0000000086400000, 0x0000000086500000, 0x0000000086500000|100%| E|CS|TS  0|AC  0|TAMS 0x0000000086400000, 0x0000000086400000|
|  73|0x0000000086500000, 0x0000000086600000, 0x0000000086600000|100%| E|CS|TS  0|AC  0|TAMS 0x0000000086500000, 0x0000000086500000|
|  74|0x0000000086600000, 0x0000000086700000, 0x0000000086700000|100%| E|CS|TS  0|AC  0|TAMS 0x0000000086600000, 0x0000000086600000|
|  75|0x0000000086700000, 0x0000000086800000, 0x0000000086800000|100%| E|CS|TS  0|AC  0|TAMS 0x0000000086700000, 0x0000000086700000|
|  76|0x0000000086800000, 0x0000000086900000, 0x0000000086900000|100%| E|CS|TS  0|AC  0|TAMS 0x0000000086800000, 0x0000000086800000|
|  77|0x0000000086900000, 0x0000000086a00000, 0x0000000086a00000|100%| E|CS|TS  0|AC  0|TAMS 0x0000000086900000, 0x0000000086900000|
|  78|0x0000000086a00000, 0x0000000086b00000, 0x0000000086b00000|100%| E|CS|TS  0|AC  0|TAMS 0x0000000086a00000, 0x0000000086a00000|
|  79|0x0000000086b00000, 0x0000000086c00000, 0x0000000086c00000|100%| E|CS|TS  0|AC  0|TAMS 0x0000000086b00000, 0x0000000086b00000|
|  80|0x0000000086c00000, 0x0000000086d00000, 0x0000000086d00000|100%| E|CS|TS  0|AC  0|TAMS 0x0000000086c00000, 0x0000000086c00000|
|  81|0x0000000086d00000, 0x0000000086e00000, 0x0000000086e00000|100%| E|CS|TS  0|AC  0|TAMS 0x0000000086d00000, 0x0000000086d00000|
|  82|0x0000000086e00000, 0x0000000086f00000, 0x0000000086f00000|100%| E|CS|TS  0|AC  0|TAMS 0x0000000086e00000, 0x0000000086e00000|
|  83|0x0000000086f00000, 0x0000000087000000, 0x0000000087000000|100%| E|CS|TS  0|AC  0|TAMS 0x0000000086f00000, 0x0000000086f00000|
|  84|0x0000000087000000, 0x0000000087100000, 0x0000000087100000|100%| E|CS|TS  0|AC  0|TAMS 0x0000000087000000, 0x0000000087000000|
|  85|0x0000000087100000, 0x0000000087200000, 0x0000000087200000|100%| E|CS|TS  0|AC  0|TAMS 0x0000000087100000, 0x0000000087100000|
|  86|0x0000000087200000, 0x0000000087300000, 0x0000000087300000|100%| E|CS|TS  0|AC  0|TAMS 0x0000000087200000, 0x0000000087200000|
|  87|0x0000000087300000, 0x0000000087400000, 0x0000000087400000|100%| E|CS|TS  0|AC  0|TAMS 0x0000000087300000, 0x0000000087300000|
|  88|0x0000000087400000, 0x0000000087500000, 0x0000000087500000|100%| E|CS|TS  0|AC  0|TAMS 0x0000000087400000, 0x0000000087400000|
|  89|0x0000000087500000, 0x0000000087600000, 0x0000000087600000|100%| E|CS|TS  0|AC  0|TAMS 0x0000000087500000, 0x0000000087500000|
|  90|0x0000000087600000, 0x0000000087700000, 0x0000000087700000|100%| E|CS|TS  0|AC  0|TAMS 0x0000000087600000, 0x0000000087600000|
|  91|0x0000000087700000, 0x0000000087800000, 0x0000000087800000|100%| E|CS|TS  0|AC  0|TAMS 0x0000000087700000, 0x0000000087700000|
|  92|0x0000000087800000, 0x0000000087900000, 0x0000000087900000|100%| E|CS|TS  0|AC  0|TAMS 0x0000000087800000, 0x0000000087800000|
|  93|0x0000000087900000, 0x0000000087a00000, 0x0000000087a00000|100%| E|CS|TS  0|AC  0|TAMS 0x0000000087900000, 0x0000000087900000|
|  94|0x0000000087a00000, 0x0000000087b00000, 0x0000000087b00000|100%| E|CS|TS  0|AC  0|TAMS 0x0000000087a00000, 0x0000000087a00000|
|  95|0x0000000087b00000, 0x0000000087c00000, 0x0000000087c00000|100%| E|CS|TS  0|AC  0|TAMS 0x0000000087b00000, 0x0000000087b00000|
|  96|0x0000000087c00000, 0x0000000087d00000, 0x0000000087d00000|100%| E|CS|TS  0|AC  0|TAMS 0x0000000087c00000, 0x0000000087c00000|
|  97|0x0000000087d00000, 0x0000000087e00000, 0x0000000087e00000|100%| E|CS|TS  0|AC  0|TAMS 0x0000000087d00000, 0x0000000087d00000|
|  98|0x0000000087e00000, 0x0000000087f00000, 0x0000000087f00000|100%| E|CS|TS  0|AC  0|TAMS 0x0000000087e00000, 0x0000000087e00000|
|  99|0x0000000087f00000, 0x0000000088000000, 0x0000000088000000|100%| E|CS|TS  0|AC  0|TAMS 0x0000000087f00000, 0x0000000087f00000|
| 100|0x0000000088000000, 0x0000000088100000, 0x0000000088100000|100%| E|CS|TS  0|AC  0|TAMS 0x0000000088000000, 0x0000000088000000|
| 101|0x0000000088100000, 0x0000000088200000, 0x0000000088200000|100%| E|CS|TS  0|AC  0|TAMS 0x0000000088100000, 0x0000000088100000|
| 102|0x0000000088200000, 0x0000000088300000, 0x0000000088300000|100%| E|CS|TS  0|AC  0|TAMS 0x0000000088200000, 0x0000000088200000|
| 103|0x0000000088300000, 0x0000000088400000, 0x0000000088400000|100%| E|CS|TS  0|AC  0|TAMS 0x0000000088300000, 0x0000000088300000|
| 104|0x0000000088400000, 0x00000000884c82b0, 0x0000000088500000| 78%| S|CS|TS  0|AC  0|TAMS 0x0000000088400000, 0x0000000088400000|
| 105|0x0000000088500000, 0x0000000088600000, 0x0000000088600000|100%| S|CS|TS  0|AC  0|TAMS 0x0000000088500000, 0x0000000088500000|
| 106|0x0000000088600000, 0x0000000088700000, 0x0000000088700000|100%| S|CS|TS  0|AC  0|TAMS 0x0000000088600000, 0x0000000088600000|
| 107|0x0000000088700000, 0x0000000088800000, 0x0000000088800000|100%| E|CS|TS  0|AC  0|TAMS 0x0000000088700000, 0x0000000088700000|
| 108|0x0000000088800000, 0x0000000088900000, 0x0000000088900000|100%| E|CS|TS  0|AC  0|TAMS 0x0000000088800000, 0x0000000088800000|
| 109|0x0000000088900000, 0x0000000088a00000, 0x0000000088a00000|100%| E|CS|TS  0|AC  0|TAMS 0x0000000088900000, 0x0000000088900000|
| 110|0x0000000088a00000, 0x0000000088b00000, 0x0000000088b00000|100%| E|CS|TS  0|AC  0|TAMS 0x0000000088a00000, 0x0000000088a00000|
| 111|0x0000000088b00000, 0x0000000088c00000, 0x0000000088c00000|100%| E|CS|TS  0|AC  0|TAMS 0x0000000088b00000, 0x0000000088b00000|
| 112|0x0000000088c00000, 0x0000000088d00000, 0x0000000088d00000|100%| E|CS|TS  0|AC  0|TAMS 0x0000000088c00000, 0x0000000088c00000|
| 113|0x0000000088d00000, 0x0000000088e00000, 0x0000000088e00000|100%| E|CS|TS  0|AC  0|TAMS 0x0000000088d00000, 0x0000000088d00000|
| 114|0x0000000088e00000, 0x0000000088f00000, 0x0000000088f00000|100%| E|CS|TS  0|AC  0|TAMS 0x0000000088e00000, 0x0000000088e00000|
| 115|0x0000000088f00000, 0x0000000089000000, 0x0000000089000000|100%| E|CS|TS  0|AC  0|TAMS 0x0000000088f00000, 0x0000000088f00000|
| 116|0x0000000089000000, 0x0000000089100000, 0x0000000089100000|100%| E|CS|TS  0|AC  0|TAMS 0x0000000089000000, 0x0000000089000000|
| 117|0x0000000089100000, 0x0000000089200000, 0x0000000089200000|100%| E|CS|TS  0|AC  0|TAMS 0x0000000089100000, 0x0000000089100000|
| 118|0x0000000089200000, 0x0000000089300000, 0x0000000089300000|100%| E|CS|TS  0|AC  0|TAMS 0x0000000089200000, 0x0000000089200000|
| 119|0x0000000089300000, 0x0000000089400000, 0x0000000089400000|100%| E|CS|TS  0|AC  0|TAMS 0x0000000089300000, 0x0000000089300000|
| 120|0x0000000089400000, 0x0000000089500000, 0x0000000089500000|100%| E|CS|TS  0|AC  0|TAMS 0x0000000089400000, 0x0000000089400000|
| 121|0x0000000089500000, 0x0000000089600000, 0x0000000089600000|100%| E|CS|TS  0|AC  0|TAMS 0x0000000089500000, 0x0000000089500000|
| 122|0x0000000089600000, 0x0000000089700000, 0x0000000089700000|100%| E|CS|TS  0|AC  0|TAMS 0x0000000089600000, 0x0000000089600000|
| 123|0x0000000089700000, 0x0000000089800000, 0x0000000089800000|100%| E|CS|TS  0|AC  0|TAMS 0x0000000089700000, 0x0000000089700000|
| 124|0x0000000089800000, 0x0000000089900000, 0x0000000089900000|100%| E|CS|TS  0|AC  0|TAMS 0x0000000089800000, 0x0000000089800000|
| 125|0x0000000089900000, 0x0000000089a00000, 0x0000000089a00000|100%| E|CS|TS  0|AC  0|TAMS 0x0000000089900000, 0x0000000089900000|
| 126|0x0000000089a00000, 0x0000000089b00000, 0x0000000089b00000|100%| E|CS|TS  0|AC  0|TAMS 0x0000000089a00000, 0x0000000089a00000|
| 127|0x0000000089b00000, 0x0000000089c00000, 0x0000000089c00000|100%| E|CS|TS  0|AC  0|TAMS 0x0000000089b00000, 0x0000000089b00000|

Card table byte_map: [0x00000279cf740000,0x00000279cfb40000] byte_map_base: 0x00000279cf332000

Marking Bits (Prev, Next): (CMBitMap*) 0x00000279b36f5388, (CMBitMap*) 0x00000279b36f5350
 Prev Bits: [0x00000279d1ed0000, 0x00000279d3e60000)
 Next Bits: [0x00000279cff40000, 0x00000279d1ed0000)

Polling page: 0x00000279b3550000

CodeHeap 'non-profiled nmethods': size=120064Kb used=1045Kb max_used=1045Kb free=119018Kb
 bounds [0x00000279c74d0000, 0x00000279c7740000, 0x00000279cea10000]
CodeHeap 'profiled nmethods': size=120000Kb used=5226Kb max_used=5226Kb free=114773Kb
 bounds [0x00000279bffa0000, 0x00000279c04c0000, 0x00000279c74d0000]
CodeHeap 'non-nmethods': size=5696Kb used=1269Kb max_used=1301Kb free=4426Kb
 bounds [0x00000279bfa10000, 0x00000279bfc80000, 0x00000279bffa0000]
 total_blobs=3305 nmethods=2338 adapters=357
 compilation: enabled

Compilation events (10 events):
Event: 3.705 Thread 0x00000279d6d9a000 2198       1       org.springframework.context.annotation.ConfigurationClass::getMetadata (5 bytes)
Event: 3.705 Thread 0x00000279d6d9a000 nmethod 2198 0x00000279c75cae90 code [0x00000279c75cb040, 0x00000279c75cb158]
Event: 3.705 Thread 0x00000279d6d9a000 2200       1       java.lang.reflect.AccessibleObject::isAccessible (5 bytes)
Event: 3.706 Thread 0x00000279d6d9a000 nmethod 2200 0x00000279c75cb210 code [0x00000279c75cb3c0, 0x00000279c75cb4d8]
Event: 3.706 Thread 0x00000279d6d9a000 2197       1       org.springframework.beans.factory.support.AbstractBeanDefinition::isAbstract (5 bytes)
Event: 3.706 Thread 0x00000279d6d9a000 nmethod 2197 0x00000279c75cb590 code [0x00000279c75cb740, 0x00000279c75cb858]
Event: 3.707 Thread 0x00000279d6d91000 2202       4       org.springframework.asm.ClassReader::readInt (52 bytes)
Event: 3.708 Thread 0x00000279d6d9a000 2203       1       java.net.JarURLConnection::getJarFileURL (5 bytes)
Event: 3.708 Thread 0x00000279d6d9a000 nmethod 2203 0x00000279c75cb910 code [0x00000279c75cbac0, 0x00000279c75cbbd8]
Event: 3.708 Thread 0x00000279d6d91000 nmethod 2202 0x00000279c75cbc90 code [0x00000279c75cbe20, 0x00000279c75cbf18]

GC Heap History (6 events):
Event: 0.609 GC heap before
{Heap before GC invocations=0 (full 0):
 garbage-first heap   total 131072K, used 14336K [0x0000000081c00000, 0x0000000081d00400, 0x0000000100000000)
  region size 1024K, 14 young (14336K), 0 survivors (0K)
 Metaspace       used 8450K, capacity 8708K, committed 8832K, reserved 1056768K
  class space    used 799K, capacity 867K, committed 896K, reserved 1048576K
}
Event: 0.613 GC heap after
{Heap after GC invocations=1 (full 0):
 garbage-first heap   total 131072K, used 5254K [0x0000000081c00000, 0x0000000081d00400, 0x0000000100000000)
  region size 1024K, 2 young (2048K), 2 survivors (2048K)
 Metaspace       used 8450K, capacity 8708K, committed 8832K, reserved 1056768K
  class space    used 799K, capacity 867K, committed 896K, reserved 1048576K
}
Event: 2.557 GC heap before
{Heap before GC invocations=1 (full 0):
 garbage-first heap   total 131072K, used 68742K [0x0000000081c00000, 0x0000000081d00400, 0x0000000100000000)
  region size 1024K, 64 young (65536K), 2 survivors (2048K)
 Metaspace       used 18290K, capacity 18902K, committed 19072K, reserved 1067008K
  class space    used 1993K, capacity 2123K, committed 2176K, reserved 1048576K
}
Event: 2.571 GC heap after
{Heap after GC invocations=2 (full 0):
 garbage-first heap   total 131072K, used 12684K [0x0000000081c00000, 0x0000000081d00400, 0x0000000100000000)
  region size 1024K, 8 young (8192K), 8 survivors (8192K)
 Metaspace       used 18290K, capacity 18902K, committed 19072K, reserved 1067008K
  class space    used 1993K, capacity 2123K, committed 2176K, reserved 1048576K
}
Event: 3.017 GC heap before
{Heap before GC invocations=2 (full 0):
 garbage-first heap   total 131072K, used 33164K [0x0000000081c00000, 0x0000000081d00400, 0x0000000100000000)
  region size 1024K, 29 young (29696K), 8 survivors (8192K)
 Metaspace       used 20390K, capacity 21176K, committed 21248K, reserved 1069056K
  class space    used 2357K, capacity 2540K, committed 2560K, reserved 1048576K
}
Event: 3.026 GC heap after
{Heap after GC invocations=3 (full 0):
 garbage-first heap   total 131072K, used 11968K [0x0000000081c00000, 0x0000000081d00400, 0x0000000100000000)
  region size 1024K, 3 young (3072K), 3 survivors (3072K)
 Metaspace       used 20390K, capacity 21176K, committed 21248K, reserved 1069056K
  class space    used 2357K, capacity 2540K, committed 2560K, reserved 1048576K
}

Deoptimization events (10 events):
Event: 2.266 Thread 0x00000279d8035800 Uncommon trap: reason=unstable_if action=reinterpret pc=0x00000279c7527abc method=sun.net.www.ParseUtil.firstEncodeIndex(Ljava/lang/String;)I @ 51 c2
Event: 2.531 Thread 0x00000279b3658000 Uncommon trap: reason=unstable_if action=reinterpret pc=0x00000279c7567f34 method=java.net.URL.<init>(Ljava/net/URL;Ljava/lang/String;Ljava/net/URLStreamHandler;)V @ 350 c2
Event: 2.842 Thread 0x00000279b3658000 Uncommon trap: reason=unstable_if action=reinterpret pc=0x00000279c756cd7c method=jdk.internal.org.objectweb.asm.Type.getArgumentsAndReturnSizes(Ljava/lang/String;)I @ 136 c2
Event: 2.937 Thread 0x00000279b3658000 Uncommon trap: reason=unstable_if action=reinterpret pc=0x00000279c754e180 method=java.util.concurrent.ConcurrentHashMap.addCount(JI)V @ 168 c2
Event: 2.937 Thread 0x00000279b3658000 Uncommon trap: reason=unstable_if action=reinterpret pc=0x00000279c75874f4 method=java.util.concurrent.ConcurrentHashMap.transfer([Ljava/util/concurrent/ConcurrentHashMap$Node;[Ljava/util/concurrent/ConcurrentHashMap$Node;)V @ 34 c2
Event: 2.937 Thread 0x00000279b3658000 Uncommon trap: reason=unstable_if action=reinterpret pc=0x00000279c757cff8 method=java.util.concurrent.ConcurrentHashMap.transfer([Ljava/util/concurrent/ConcurrentHashMap$Node;[Ljava/util/concurrent/ConcurrentHashMap$Node;)V @ 273 c2
Event: 2.944 Thread 0x00000279b3658000 Uncommon trap: reason=unstable_if action=reinterpret pc=0x00000279c752b128 method=java.util.HashMap.hash(Ljava/lang/Object;)I @ 1 c2
Event: 3.011 Thread 0x00000279b3658000 Uncommon trap: reason=class_check action=maybe_recompile pc=0x00000279c75730d0 method=java.util.HashMap.putVal(ILjava/lang/Object;Ljava/lang/Object;ZZ)Ljava/lang/Object; @ 203 c2
Event: 3.227 Thread 0x00000279d8035800 Uncommon trap: reason=class_check action=maybe_recompile pc=0x00000279c75730d0 method=java.util.HashMap.putVal(ILjava/lang/Object;Ljava/lang/Object;ZZ)Ljava/lang/Object; @ 203 c2
Event: 3.259 Thread 0x00000279d8035800 Uncommon trap: reason=unstable_if action=reinterpret pc=0x00000279c7560648 method=java.util.jar.Manifest$FastInputStream.readLine([BII)I @ 87 c2

Classes redefined (0 events):
No events

Internal exceptions (10 events):
Event: 3.270 Thread 0x00000279d8035800 Exception <a 'java/lang/NoSuchMethodError'{0x00000000888314b0}: java.lang.invoke.DirectMethodHandle$Holder.invokeInterface(Ljava/lang/Object;Ljava/lang/Object;)I> (0x00000000888314b0) thrown at [c:/workspace/9-2-build-windows-amd64-cygwin-phase2/jdk9/6725
Event: 3.278 Thread 0x00000279d8035800 Exception <a 'java/lang/NoSuchMethodError'{0x0000000088702958}: java.lang.invoke.DirectMethodHandle$Holder.invokeStaticInit(Ljava/lang/Object;Ljava/lang/Object;Ljava/lang/Object;Ljava/lang/Object;Ljava/lang/Object;)Ljava/lang/Object;> (0x0000000088702958)
Event: 3.292 Thread 0x00000279d8035800 Exception <a 'java/lang/NoSuchMethodError'{0x0000000088302aa8}: java.lang.invoke.DirectMethodHandle$Holder.invokeSpecial(Ljava/lang/Object;Ljava/lang/Object;IILjava/lang/Object;Ljava/lang/Object;Ljava/lang/Object;)Ljava/lang/Object;> (0x0000000088302aa8) 
Event: 3.292 Thread 0x00000279d8035800 Exception <a 'java/lang/NoSuchMethodError'{0x00000000883060c0}: java.lang.invoke.DelegatingMethodHandle$Holder.reinvoke_L(Ljava/lang/Object;IILjava/lang/Object;Ljava/lang/Object;Ljava/lang/Object;)Ljava/lang/Object;> (0x00000000883060c0) thrown at [c:/wor
Event: 3.293 Thread 0x00000279d8035800 Exception <a 'java/lang/NoSuchMethodError'{0x000000008830b4c8}: method resolution failed> (0x000000008830b4c8) thrown at [c:/workspace/9-2-build-windows-amd64-cygwin-phase2/jdk9/6725/hotspot/src/share/vm/prims/methodHandles.cpp, line 1256]
Event: 3.307 Thread 0x00000279d8035800 Exception <a 'java/lang/NoSuchMethodError'{0x0000000088332708}: method resolution failed> (0x0000000088332708) thrown at [c:/workspace/9-2-build-windows-amd64-cygwin-phase2/jdk9/6725/hotspot/src/share/vm/prims/methodHandles.cpp, line 1256]
Event: 3.308 Thread 0x00000279d8035800 Exception <a 'java/lang/NoSuchMethodError'{0x000000008834a200}: method resolution failed> (0x000000008834a200) thrown at [c:/workspace/9-2-build-windows-amd64-cygwin-phase2/jdk9/6725/hotspot/src/share/vm/prims/methodHandles.cpp, line 1256]
Event: 3.310 Thread 0x00000279d8035800 Exception <a 'java/lang/NoSuchMethodError'{0x00000000883635f0}: method resolution failed> (0x00000000883635f0) thrown at [c:/workspace/9-2-build-windows-amd64-cygwin-phase2/jdk9/6725/hotspot/src/share/vm/prims/methodHandles.cpp, line 1256]
Event: 3.538 Thread 0x00000279b3658000 Exception <a 'java/lang/IncompatibleClassChangeError'{0x000000008747ba68}: Found class java.lang.Object, but interface was expected> (0x000000008747ba68) thrown at [c:/workspace/9-2-build-windows-amd64-cygwin-phase2/jdk9/6725/hotspot/src/share/vm/interpre
Event: 3.544 Thread 0x00000279b3658000 Exception <a 'java/lang/NoSuchMethodError'{0x00000000874d1848}: java.lang.invoke.DirectMethodHandle$Holder.invokeStatic(Ljava/lang/Object;Ljava/lang/Object;Ljava/lang/Object;Ljava/lang/Object;Ljava/lang/Object;)V> (0x00000000874d1848) thrown at [c:/worksp

Events (10 events):
Event: 3.707 loading class com/fasterxml/jackson/databind/deser/std/StringDeserializer
Event: 3.707 loading class com/fasterxml/jackson/databind/deser/std/StringDeserializer done
Event: 3.708 loading class com/fasterxml/jackson/databind/deser/std/MapEntryDeserializer
Event: 3.708 loading class com/fasterxml/jackson/databind/deser/std/MapEntryDeserializer done
Event: 3.709 loading class org/springframework/boot/autoconfigure/condition/ConditionalOnProperty
Event: 3.709 loading class org/springframework/boot/autoconfigure/condition/ConditionalOnProperty done
Event: 3.709 loading class com/fasterxml/jackson/databind/deser/std/TokenBufferDeserializer
Event: 3.709 loading class com/fasterxml/jackson/databind/deser/std/TokenBufferDeserializer done
Event: 3.709 loading class org/springframework/boot/autoconfigure/condition/OnPropertyCondition
Event: 3.709 loading class org/springframework/boot/autoconfigure/condition/OnPropertyCondition done


Dynamic libraries:
0x00007ff7f3d10000 - 0x00007ff7f3d4e000 	D:\java\jdk\bin\java.exe
0x00007fff59640000 - 0x00007fff59830000 	C:\WINDOWS\SYSTEM32\ntdll.dll
0x00007fff58660000 - 0x00007fff58712000 	C:\WINDOWS\System32\KERNEL32.DLL
0x00007fff56fa0000 - 0x00007fff57243000 	C:\WINDOWS\System32\KERNELBASE.dll
0x00007fff585b0000 - 0x00007fff58653000 	C:\WINDOWS\System32\ADVAPI32.dll
0x00007fff58160000 - 0x00007fff581fe000 	C:\WINDOWS\System32\msvcrt.dll
0x00007fff577c0000 - 0x00007fff57857000 	C:\WINDOWS\System32\sechost.dll
0x00007fff58fc0000 - 0x00007fff590e0000 	C:\WINDOWS\System32\RPCRT4.dll
0x00007fff590e0000 - 0x00007fff59273000 	C:\WINDOWS\System32\USER32.dll
0x00007fff57360000 - 0x00007fff57381000 	C:\WINDOWS\System32\win32u.dll
0x00007fff59280000 - 0x00007fff592a6000 	C:\WINDOWS\System32\GDI32.dll
0x00007fff57460000 - 0x00007fff575f4000 	C:\WINDOWS\System32\gdi32full.dll
0x00007fff573c0000 - 0x00007fff5745e000 	C:\WINDOWS\System32\msvcp_win.dll
0x00007fff57600000 - 0x00007fff576fa000 	C:\WINDOWS\System32\ucrtbase.dll
0x00007fff44b40000 - 0x00007fff44dc5000 	C:\WINDOWS\WinSxS\amd64_microsoft.windows.common-controls_6595b64144ccf1df_6.0.18362.175_none_e6c3ab1f131014c9\COMCTL32.dll
0x00007fff50df0000 - 0x00007fff50dfa000 	C:\WINDOWS\SYSTEM32\VERSION.dll
0x00007fff58210000 - 0x00007fff58546000 	C:\WINDOWS\System32\combase.dll
0x00007fff57250000 - 0x00007fff572d1000 	C:\WINDOWS\System32\bcryptPrimitives.dll
0x00007fff587c0000 - 0x00007fff587ee000 	C:\WINDOWS\System32\IMM32.DLL
0x00007fff36a70000 - 0x00007fff36b5f000 	D:\java\jdk\bin\msvcr120.dll
0x00007fff43020000 - 0x00007fff430c6000 	D:\java\jdk\bin\msvcp120.dll
0x0000000073800000 - 0x000000007422a000 	D:\java\jdk\bin\server\jvm.dll
0x00007fff57700000 - 0x00007fff57708000 	C:\WINDOWS\System32\PSAPI.DLL
0x00007fff50eb0000 - 0x00007fff50ed4000 	C:\WINDOWS\SYSTEM32\WINMM.dll
0x00007fff527c0000 - 0x00007fff527c9000 	C:\WINDOWS\SYSTEM32\WSOCK32.dll
0x00007fff58720000 - 0x00007fff5878f000 	C:\WINDOWS\System32\WS2_32.dll
0x00007fff50e80000 - 0x00007fff50ead000 	C:\WINDOWS\SYSTEM32\WINMMBASE.dll
0x00007fff565d0000 - 0x00007fff5661a000 	C:\WINDOWS\System32\cfgmgr32.dll
0x00007fff53dc0000 - 0x00007fff53dcf000 	D:\java\jdk\bin\verify.dll
0x00007fff50020000 - 0x00007fff50047000 	D:\java\jdk\bin\java.dll
0x00007fff48380000 - 0x00007fff483aa000 	D:\java\jdk\bin\instrument.dll
0x00007fff4a070000 - 0x00007fff4a086000 	D:\java\jdk\bin\zip.dll
0x00007fff53d60000 - 0x00007fff53d6a000 	D:\java\jdk\bin\jimage.dll
0x00007fff58860000 - 0x00007fff58f40000 	C:\WINDOWS\System32\SHELL32.dll
0x00007fff57fe0000 - 0x00007fff58089000 	C:\WINDOWS\System32\shcore.dll
0x00007fff56770000 - 0x00007fff56eeb000 	C:\WINDOWS\System32\windows.storage.dll
0x00007fff56540000 - 0x00007fff5655f000 	C:\WINDOWS\System32\profapi.dll
0x00007fff56580000 - 0x00007fff565ca000 	C:\WINDOWS\System32\powrprof.dll
0x00007fff56510000 - 0x00007fff56520000 	C:\WINDOWS\System32\UMPDC.dll
0x00007fff592b0000 - 0x00007fff59302000 	C:\WINDOWS\System32\shlwapi.dll
0x00007fff56560000 - 0x00007fff56571000 	C:\WINDOWS\System32\kernel.appcore.dll
0x00007fff572e0000 - 0x00007fff572f7000 	C:\WINDOWS\System32\cryptsp.dll
0x00007fff4a050000 - 0x00007fff4a06a000 	D:\java\jdk\bin\net.dll
0x00007fff4eaf0000 - 0x00007fff4ebdf000 	C:\WINDOWS\SYSTEM32\WINHTTP.dll
0x00007fff55d20000 - 0x00007fff55d87000 	C:\WINDOWS\system32\mswsock.dll
0x00007fff445c0000 - 0x00007fff445d1000 	D:\java\jdk\bin\nio.dll
0x00007fff445a0000 - 0x00007fff445ba000 	E:\IDEA\IntelliJ IDEA 2018.3.5\bin\breakgen64.dll
0x00007fff52c30000 - 0x00007fff52c39000 	D:\java\jdk\bin\management.dll
0x00007fff516e0000 - 0x00007fff516ea000 	D:\java\jdk\bin\management_ext.dll
0x00007fff43b10000 - 0x00007fff43b26000 	C:\WINDOWS\system32\napinsp.dll
0x00007fff43af0000 - 0x00007fff43b0a000 	C:\WINDOWS\system32\pnrpnsp.dll
0x00007fff55ac0000 - 0x00007fff55b8a000 	C:\WINDOWS\SYSTEM32\DNSAPI.dll
0x00007fff587b0000 - 0x00007fff587b8000 	C:\WINDOWS\System32\NSI.dll
0x00007fff55a80000 - 0x00007fff55aba000 	C:\WINDOWS\SYSTEM32\IPHLPAPI.DLL
0x00007fff51690000 - 0x00007fff5169e000 	C:\WINDOWS\System32\winrnr.dll
0x00007fff534a0000 - 0x00007fff534bc000 	C:\WINDOWS\system32\NLAapi.dll
0x00007fff46e20000 - 0x00007fff46e35000 	C:\WINDOWS\system32\wshbth.dll
0x00007fff517a0000 - 0x00007fff517aa000 	C:\Windows\System32\rasadhlp.dll
0x00007fff50830000 - 0x00007fff508a7000 	C:\WINDOWS\System32\fwpuclnt.dll
0x00007fff57390000 - 0x00007fff573b6000 	C:\WINDOWS\System32\bcrypt.dll
0x00007fff41640000 - 0x00007fff41834000 	C:\WINDOWS\SYSTEM32\dbghelp.dll

VM Arguments:
jvm_args: -ea -Didea.test.cyclic.buffer.size=1048576 -javaagent:E:\IDEA\IntelliJ IDEA 2018.3.5\lib\idea_rt.jar=63574:E:\IDEA\IntelliJ IDEA 2018.3.5\bin -Dfile.encoding=UTF-8 
java_command: com.intellij.rt.execution.junit.JUnitStarter -ideVersion5 -junit4 com.zym.demo.dao.AreaDaoTest,queryArea
java_class_path (initial): E:\IDEA\IntelliJ IDEA 2018.3.5\lib\idea_rt.jar;E:\IDEA\IntelliJ IDEA 2018.3.5\plugins\junit\lib\junit-rt.jar;E:\IDEA\IntelliJ IDEA 2018.3.5\plugins\junit\lib\junit5-rt.jar;D:\IdeaProgram\demo\target\test-classes;D:\IdeaProgram\demo\target\classes;D:\mavensource\repository\org\springframework\boot\spring-boot-starter-web\2.1.5.RELEASE\spring-boot-starter-web-2.1.5.RELEASE.jar;D:\mavensource\repository\org\springframework\boot\spring-boot-starter\2.1.5.RELEASE\spring-boot-starter-2.1.5.RELEASE.jar;D:\mavensource\repository\org\springframework\boot\spring-boot\2.1.5.RELEASE\spring-boot-2.1.5.RELEASE.jar;D:\mavensource\repository\org\springframework\boot\spring-boot-autoconfigure\2.1.5.RELEASE\spring-boot-autoconfigure-2.1.5.RELEASE.jar;D:\mavensource\repository\org\springframework\boot\spring-boot-starter-logging\2.1.5.RELEASE\spring-boot-starter-logging-2.1.5.RELEASE.jar;D:\mavensource\repository\ch\qos\logback\logback-classic\1.2.3\logback-classic-1.2.3.jar;D:\mavensource\repository\ch\qos\logback\logback-core\1.2.3\logback-core-1.2.3.jar;D:\mavensource\repository\org\apache\logging\log4j\log4j-to-slf4j\2.11.2\log4j-to-slf4j-2.11.2.jar;D:\mavensource\repository\org\apache\logging\log4j\log4j-api\2.11.2\log4j-api-2.11.2.jar;D:\mavensource\repository\org\slf4j\jul-to-slf4j\1.7.26\jul-to-slf4j-1.7.26.jar;D:\mavensource\repository\javax\annotation\javax.annotation-api\1.3.2\javax.annotation-api-1.3.2.jar;D:\mavensource\repository\org\yaml\snakeyaml\1.23\snakeyaml-1.23.jar;D:\mavensource\repository\org\springframework\boot\spring-boot-starter-json\2.1.5.RELEASE\spring-boot-starter-json-2.1.5.RELEASE.jar;D:\mavensource\repository\com\fasterxml\jackson\core\jackson-databind\2.9.8\jackson-databind-2.9.8.jar;D:\mavensource\repository\com\fasterxml\jackson\core\jackson-annotations\2.9.0\jackson-annotations-2.9.0.jar;D:\mavensource\repository\com\fasterxml\jackson\core\jackson-core\2.9.8\jackson-core-2.9.8.jar;D:\mavensource\repository\com\fasterxml
Launcher Type: SUN_STANDARD

Logging:
Log output configuration:
#0: stdout all=warning uptime,level,tags
#1: stderr all=off uptime,level,tags

Environment Variables:
JAVA_HOME=D:\java\jdk
CLASSPATH=.;D:\java\jdk\lib\dt.jar;D:\java\jdk\lib\tools.jar;
PATH=C:\ProgramData\Oracle\Java\javapath;D:\java\jdk\bin;D:\java\jdk\jre\bin;C:\WINDOWS\system32;C:\WINDOWS;C:\WINDOWS\System32\Wbem;C:\WINDOWS\System32\WindowsPowerShell\v1.0\;C:\WINDOWS\System32\OpenSSH\;C:\Program Files (x86)\Microsoft SQL Server\100\Tools\Binn\;C:\Program Files\Microsoft SQL Server\100\Tools\Binn\;C:\Program Files\Microsoft SQL Server\100\DTS\Binn\;"E:\tomcat\apache-tomcat-9.0.17\bin;E:\tomcat\apache-tomcat-9.0.17\lib";E:\MySQL\mysql\bin;E:\maven\apache-maven-3.6.1\bin;E:\Git\Git\cmd;C:\Users\ASUS\AppData\Local\Microsoft\WindowsApps;;E:\IDEA\IntelliJ IDEA 2018.3.5\bin;
USERNAME=ASUS
OS=Windows_NT
PROCESSOR_IDENTIFIER=Intel64 Family 6 Model 158 Stepping 9, GenuineIntel



---------------  S Y S T E M  ---------------

OS: Windows 10 , 64 bit Build 18362 (10.0.18362.86)

CPU:total 4 (initial active 4) (4 cores per cpu, 1 threads per core) family 6 model 158 stepping 9, cmov, cx8, fxsr, mmx, sse, sse2, sse3, ssse3, sse4.1, sse4.2, popcnt, avx, avx2, aes, clmul, erms, 3dnowpref, lzcnt, tsc, tscinvbit, bmi1, bmi2, adx, fma

Memory: 4k page, physical 8270992k(1992256k free), swap 8270992k(2172k free)

vm_info: Java HotSpot(TM) 64-Bit Server VM (9+181) for windows-amd64 JRE (9+181), built on Aug  2 2017 21:30:51 by "javare" with MS VC++ 12.0 (VS2013)

END.
